Input Table Definition: (Please type ^d to end input) 
type = 1, DML=ok
successfully ended
