Input Table Definition: (Please type ^d to end input) 
type = 2, DML=ok
successfully ended
