Input Table Definition: (Please type ^d to end input) 
type = 1
type = 7
successfully ended
