Input Table Definition: (Please type ^d to end input) 
type = 14
successfully ended
