Input Table Definition: (Please type ^d to end input) 
type = 21
successfully ended
